// Jest Snapshot v1, https://goo.gl/fbAQLP

exports[`$Map 1`] = `
"Expected Map<boolean, number>, got [object Map]
  Expected number, got [object Object]"
`;

exports[`$Set 1`] = `
"Expected Set<number>, got [object Set]
  Expected number, got true"
`;
