// Jest Snapshot v1, https://goo.gl/fbAQLP

exports[`$maybe 1`] = `[TypeError: Expected maybe string, got false]`;

exports[`$optional 1`] = `[TypeError: Expected string?, got false]`;
